// Jest Snapshot v1, https://goo.gl/fbAQLP

exports[`<VariantTimeDistributionLineChart> dataset0 renders correctly 1`] = `
<div
  className="relative h-full"
>
  <div
    className="sc-gsnTZi daqjRC"
  >
    <h3
      className="my-0 pr-10 pt-0 text-gray-500"
    >
      <div>
        Proportion of all samples
         from 
        <b>
          2021-12-26
        </b>
         to
         
        <b>
          2022-01-01
        </b>
      </div>
      <div
        className="mb-1 btn-toolbar"
        role="toolbar"
        style={
          Object {
            "display": "inline-block",
            "whiteSpace": "nowrap",
          }
        }
      >
        <div
          className="btn-group"
          role="group"
        >
          <div
            className="mt-1 ml-2"
          >
            <button
              className="undefined bg-active-secondary hover:bg-active focus:ring-blue-500 focus:ring-offset-blue-200 px-2 text-white w-full transition ease-in duration-100 scale-110 text-center text-base font-semibold shadow-md focus:outline-none focus:ring-2 focus:ring-offset-2 rounded-lg "
              onClick={[Function]}
            >
               
              Proportion
            </button>
          </div>
          <div
            className="mt-1 ml-2"
          >
            <button
              className="undefined bg-gray-400 hover:bg-gray-500 focus:ring-gray-500 focus:ring-offset-gray-200 px-2 text-white w-full transition ease-in duration-100 scale-110 text-center text-base font-semibold shadow-md focus:outline-none focus:ring-2 focus:ring-offset-2 rounded-lg "
              onClick={[Function]}
            >
               
              Absolute
            </button>
          </div>
        </div>
        <div
          className="MuiFormGroup-root css-dmmspl-MuiFormGroup-root"
        >
          <label
            className="MuiFormControlLabel-root MuiFormControlLabel-labelPlacementEnd css-j204z7-MuiFormControlLabel-root"
          >
            <span
              className="MuiButtonBase-root MuiCheckbox-root MuiCheckbox-colorPrimary PrivateSwitchBase-root MuiCheckbox-root MuiCheckbox-colorPrimary css-12wnr2w-MuiButtonBase-root-MuiCheckbox-root"
              onBlur={[Function]}
              onContextMenu={[Function]}
              onDragLeave={[Function]}
              onFocus={[Function]}
              onKeyDown={[Function]}
              onKeyUp={[Function]}
              onMouseDown={[Function]}
              onMouseLeave={[Function]}
              onMouseUp={[Function]}
              onTouchEnd={[Function]}
              onTouchMove={[Function]}
              onTouchStart={[Function]}
              tabIndex={null}
            >
              <input
                checked={false}
                className="PrivateSwitchBase-input css-1m9pwf3"
                data-indeterminate={false}
                defaultChecked={true}
                onChange={[Function]}
                type="checkbox"
              />
              <svg
                aria-hidden={true}
                className="MuiSvgIcon-root MuiSvgIcon-fontSizeMedium css-i4bv87-MuiSvgIcon-root"
                data-testid="CheckBoxOutlineBlankIcon"
                focusable="false"
                viewBox="0 0 24 24"
              >
                <path
                  d="M19 5v14H5V5h14m0-2H5c-1.1 0-2 .9-2 2v14c0 1.1.9 2 2 2h14c1.1 0 2-.9 2-2V5c0-1.1-.9-2-2-2z"
                />
              </svg>
              <span
                className="MuiTouchRipple-root css-8je8zh-MuiTouchRipple-root"
              />
            </span>
            <span
              className="MuiTypography-root MuiTypography-body1 MuiFormControlLabel-label css-ahj2mt-MuiTypography-root"
            >
              Log scale
            </span>
          </label>
        </div>
      </div>
    </h3>
    <div
      className="sc-dkzDqf hwEbCi"
    >
      <div
        className="sc-hKMtZM gTBTTF"
      >
        <div
          className="recharts-responsive-container"
          style={
            Object {
              "height": "100%",
              "maxHeight": undefined,
              "minHeight": undefined,
              "minWidth": undefined,
              "width": "100%",
            }
          }
        />
      </div>
      <div
        className="pl-2 pt-3 flex lg:inline flex-row w-full sm:w-auto md:justify-end sm:flex-col sm:pt-0 sm:pl-1 sm:pb-8  md:mt-auto"
      >
        <div
          className="flex flex-col justify-end pr-1 mb-2 overflow-hidden h-full w-auto"
          id="metric-with-tooltip"
        >
          <div
            data-for="metric-tooltip-Proportion"
            data-tip="Proportion relative to all samples collected (smoothed with a 7-days sliding window)"
          >
            <div
              className="flex w-full"
            >
              <div
                className="w-auto grow-0 text-xl sm:text-3xl md:text-5xl"
                style={
                  Object {
                    "color": "#1F407A",
                  }
                }
              >
                0.0%
              </div>
              <div
                className="sc-bczRLJ dWCPvX self-end"
              />
            </div>
            <div
              className="flex text-base text-gray-400 h-7 justify-start"
              id="metric-title"
            >
              <p
                className="w-auto overflow-clip"
              >
                Proportion 
              </p>
              <div
                className="flex items-center pl-1 grow fill-current text-gray-600"
                id="info-wrapper"
              >
                <svg
                  fill="currentColor"
                  height="1em"
                  stroke="currentColor"
                  strokeWidth="0"
                  style={
                    Object {
                      "color": undefined,
                    }
                  }
                  viewBox="0 0 24 24"
                  width="1em"
                  xmlns="http://www.w3.org/2000/svg"
                >
                  <path
                    d="M12 6a3.939 3.939 0 0 0-3.934 3.934h2C10.066 8.867 10.934 8 12 8s1.934.867 1.934 1.934c0 .598-.481 1.032-1.216 1.626a9.208 9.208 0 0 0-.691.599c-.998.997-1.027 2.056-1.027 2.174V15h2l-.001-.633c.001-.016.033-.386.441-.793.15-.15.339-.3.535-.458.779-.631 1.958-1.584 1.958-3.182A3.937 3.937 0 0 0 12 6zm-1 10h2v2h-2z"
                  />
                  <path
                    d="M12 2C6.486 2 2 6.486 2 12s4.486 10 10 10 10-4.486 10-10S17.514 2 12 2zm0 18c-4.411 0-8-3.589-8-8s3.589-8 8-8 8 3.589 8 8-3.589 8-8 8z"
                  />
                </svg>
              </div>
            </div>
          </div>
          <div
            className="__react_component_tooltip t***masked*** place-top type-dark"
            data-id="tooltip"
            id="metric-tooltip-Proportion"
          >
            <style
              aria-hidden="true"
              dangerouslySetInnerHTML={
                Object {
                  "__html": "
  	.t***masked*** {
	    color: #fff;
	    background: #222;
	    border: 1px solid transparent;
  	}

  	.t***masked***.place-top {
        margin-top: -10px;
    }
    .t***masked***.place-top::before {
        border-top: 8px solid transparent;
    }
    .t***masked***.place-top::after {
        border-left: 8px solid transparent;
        border-right: 8px solid transparent;
        bottom: -6px;
        left: 50%;
        margin-left: -8px;
        border-top-color: #222;
        border-top-style: solid;
        border-top-width: 6px;
    }

    .t***masked***.place-bottom {
        margin-top: 10px;
    }
    .t***masked***.place-bottom::before {
        border-bottom: 8px solid transparent;
    }
    .t***masked***.place-bottom::after {
        border-left: 8px solid transparent;
        border-right: 8px solid transparent;
        top: -6px;
        left: 50%;
        margin-left: -8px;
        border-bottom-color: #222;
        border-bottom-style: solid;
        border-bottom-width: 6px;
    }

    .t***masked***.place-left {
        margin-left: -10px;
    }
    .t***masked***.place-left::before {
        border-left: 8px solid transparent;
    }
    .t***masked***.place-left::after {
        border-top: 5px solid transparent;
        border-bottom: 5px solid transparent;
        right: -6px;
        top: 50%;
        margin-top: -4px;
        border-left-color: #222;
        border-left-style: solid;
        border-left-width: 6px;
    }

    .t***masked***.place-right {
        margin-left: 10px;
    }
    .t***masked***.place-right::before {
        border-right: 8px solid transparent;
    }
    .t***masked***.place-right::after {
        border-top: 5px solid transparent;
        border-bottom: 5px solid transparent;
        left: -6px;
        top: 50%;
        margin-top: -4px;
        border-right-color: #222;
        border-right-style: solid;
        border-right-width: 6px;
    }
  ",
                }
              }
            />
          </div>
        </div>
        <div
          className="flex flex-col justify-end pr-1 mb-2 overflow-hidden h-full w-auto"
          id="metric-with-tooltip"
        >
          <div
            data-for="metric-tooltip-Confidence int."
            data-tip="The 95% confidence interval"
          >
            <div
              className="flex w-full"
            >
              <div
                className="w-auto grow-0 text-xl sm:text-3xl md:text-5xl"
                style={
                  Object {
                    "color": "#7f8c8d",
                  }
                }
              >
                0.0-100.0%
              </div>
              <div
                className="sc-bczRLJ dWCPvX self-end"
              />
            </div>
            <div
              className="flex text-base text-gray-400 h-7 justify-start"
              id="metric-title"
            >
              <p
                className="w-auto overflow-clip"
              >
                Confidence int. 
              </p>
              <div
                className="flex items-center pl-1 grow fill-current text-gray-600"
                id="info-wrapper"
              >
                <svg
                  fill="currentColor"
                  height="1em"
                  stroke="currentColor"
                  strokeWidth="0"
                  style={
                    Object {
                      "color": undefined,
                    }
                  }
                  viewBox="0 0 24 24"
                  width="1em"
                  xmlns="http://www.w3.org/2000/svg"
                >
                  <path
                    d="M12 6a3.939 3.939 0 0 0-3.934 3.934h2C10.066 8.867 10.934 8 12 8s1.934.867 1.934 1.934c0 .598-.481 1.032-1.216 1.626a9.208 9.208 0 0 0-.691.599c-.998.997-1.027 2.056-1.027 2.174V15h2l-.001-.633c.001-.016.033-.386.441-.793.15-.15.339-.3.535-.458.779-.631 1.958-1.584 1.958-3.182A3.937 3.937 0 0 0 12 6zm-1 10h2v2h-2z"
                  />
                  <path
                    d="M12 2C6.486 2 2 6.486 2 12s4.486 10 10 10 10-4.486 10-10S17.514 2 12 2zm0 18c-4.411 0-8-3.589-8-8s3.589-8 8-8 8 3.589 8 8-3.589 8-8 8z"
                  />
                </svg>
              </div>
            </div>
          </div>
          <div
            className="__react_component_tooltip t***masked*** place-top type-dark"
            data-id="tooltip"
            id="metric-tooltip-Confidence int."
          >
            <style
              aria-hidden="true"
              dangerouslySetInnerHTML={
                Object {
                  "__html": "
  	.t***masked*** {
	    color: #fff;
	    background: #222;
	    border: 1px solid transparent;
  	}

  	.t***masked***.place-top {
        margin-top: -10px;
    }
    .t***masked***.place-top::before {
        border-top: 8px solid transparent;
    }
    .t***masked***.place-top::after {
        border-left: 8px solid transparent;
        border-right: 8px solid transparent;
        bottom: -6px;
        left: 50%;
        margin-left: -8px;
        border-top-color: #222;
        border-top-style: solid;
        border-top-width: 6px;
    }

    .t***masked***.place-bottom {
        margin-top: 10px;
    }
    .t***masked***.place-bottom::before {
        border-bottom: 8px solid transparent;
    }
    .t***masked***.place-bottom::after {
        border-left: 8px solid transparent;
        border-right: 8px solid transparent;
        top: -6px;
        left: 50%;
        margin-left: -8px;
        border-bottom-color: #222;
        border-bottom-style: solid;
        border-bottom-width: 6px;
    }

    .t***masked***.place-left {
        margin-left: -10px;
    }
    .t***masked***.place-left::before {
        border-left: 8px solid transparent;
    }
    .t***masked***.place-left::after {
        border-top: 5px solid transparent;
        border-bottom: 5px solid transparent;
        right: -6px;
        top: 50%;
        margin-top: -4px;
        border-left-color: #222;
        border-left-style: solid;
        border-left-width: 6px;
    }

    .t***masked***.place-right {
        margin-left: 10px;
    }
    .t***masked***.place-right::before {
        border-right: 8px solid transparent;
    }
    .t***masked***.place-right::after {
        border-top: 5px solid transparent;
        border-bottom: 5px solid transparent;
        left: -6px;
        top: 50%;
        margin-top: -4px;
        border-right-color: #222;
        border-right-style: solid;
        border-right-width: 6px;
    }
  ",
                }
              }
            />
          </div>
        </div>
      </div>
    </div>
  </div>
</div>
`;
